// Jest Snapshot v1, https://goo.gl/fbAQLP

exports[`crud it can store custom data 1`] = `"{\\"ids\\":[1,2,3]}"`;
